This is pdfTeX, Version 3.141592653-2.6-1.40.25 (TeX Live 2023/Debian) (preloaded format=pdflatex 2026.3.20)  20 MAR 2026 15:45
entering extended mode
 restricted \write18 enabled.
 %&-line parsing enabled.
**final_report.tex
(./final_report.tex
LaTeX2e <2023-11-01> patch level 1
L3 programming layer <2024-01-22>
(/usr/share/texlive/texmf-dist/tex/latex/base/article.cls
Document Class: article 2023/05/17 v1.4n Standard LaTeX document class
(/usr/share/texlive/texmf-dist/tex/latex/base/size10.clo
File: size10.clo 2023/05/17 v1.4n Standard LaTeX file (size option)
)
\c@part=\count187
\c@section=\count188
\c@subsection=\count189
\c@subsubsection=\count190
\c@paragraph=\count191
\c@subparagraph=\count192
\c@figure=\count193
\c@table=\count194
\abovecaptionskip=\skip48
\belowcaptionskip=\skip49
\bibindent=\dimen140
)
(/usr/share/texlive/texmf-dist/tex/latex/geometry/geometry.sty
Package: geometry 2020/01/02 v5.9 Page Geometry

(/usr/share/texlive/texmf-dist/tex/latex/graphics/keyval.sty
Package: keyval 2022/05/29 v1.15 key=value parser (DPC)
\KV@toks@=\toks17
)
(/usr/share/texlive/texmf-dist/tex/generic/iftex/ifvtex.sty
Package: ifvtex 2019/10/25 v1.7 ifvtex legacy package. Use iftex instead.

(/usr/share/texlive/texmf-dist/tex/generic/iftex/iftex.sty
Package: iftex 2022/02/03 v1.0f TeX engine tests
))
\Gm@cnth=\count195
\Gm@cntv=\count196
\c@Gm@tempcnt=\count197
\Gm@bindingoffset=\dimen141
\Gm@wd@mp=\dimen142
\Gm@odd@mp=\dimen143
\Gm@even@mp=\dimen144
\Gm@layoutwidth=\dimen145
\Gm@layoutheight=\dimen146
\Gm@layouthoffset=\dimen147
\Gm@layoutvoffset=\dimen148
\Gm@dimlist=\toks18
)
(/usr/share/texlive/texmf-dist/tex/latex/graphics/graphicx.sty
Package: graphicx 2021/09/16 v1.2d Enhanced LaTeX Graphics (DPC,SPQR)

(/usr/share/texlive/texmf-dist/tex/latex/graphics/graphics.sty
Package: graphics 2022/03/10 v1.4e Standard LaTeX Graphics (DPC,SPQR)

(/usr/share/texlive/texmf-dist/tex/latex/graphics/trig.sty
Package: trig 2021/08/11 v1.11 sin cos tan (DPC)
)
(/usr/share/texlive/texmf-dist/tex/latex/graphics-cfg/graphics.cfg
File: graphics.cfg 2016/06/04 v1.11 sample graphics configuration
)
Package graphics Info: Driver file: pdftex.def on input line 107.

(/usr/share/texlive/texmf-dist/tex/latex/graphics-def/pdftex.def
File: pdftex.def 2022/09/22 v1.2b Graphics/color driver for pdftex
))
\Gin@req@height=\dimen149
\Gin@req@width=\dimen150
)
(/usr/share/texlive/texmf-dist/tex/latex/listings/listings.sty
\lst@mode=\count198
\lst@gtempboxa=\box51
\lst@token=\toks19
\lst@length=\count199
\lst@currlwidth=\dimen151
\lst@column=\count266
\lst@pos=\count267
\lst@lostspace=\dimen152
\lst@width=\dimen153
\lst@newlines=\count268
\lst@lineno=\count269
\lst@maxwidth=\dimen154

(/usr/share/texlive/texmf-dist/tex/latex/listings/lstmisc.sty
File: lstmisc.sty 2023/02/27 1.9 (Carsten Heinz)
\c@lstnumber=\count270
\lst@skipnumbers=\count271
\lst@framebox=\box52
)
(/usr/share/texlive/texmf-dist/tex/latex/listings/listings.cfg
File: listings.cfg 2023/02/27 1.9 listings configuration
))
Package: listings 2023/02/27 1.9 (Carsten Heinz)

(/usr/share/texlive/texmf-dist/tex/latex/xcolor/xcolor.sty
Package: xcolor 2023/11/15 v3.01 LaTeX color extensions (UK)

(/usr/share/texlive/texmf-dist/tex/latex/graphics-cfg/color.cfg
File: color.cfg 2016/01/02 v1.6 sample color configuration
)
Package xcolor Info: Driver file: pdftex.def on input line 274.

(/usr/share/texlive/texmf-dist/tex/latex/graphics/mathcolor.ltx)
Package xcolor Info: Model `cmy' substituted by `cmy0' on input line 1350.
Package xcolor Info: Model `hsb' substituted by `rgb' on input line 1354.
Package xcolor Info: Model `RGB' extended on input line 1366.
Package xcolor Info: Model `HTML' substituted by `rgb' on input line 1368.
Package xcolor Info: Model `Hsb' substituted by `hsb' on input line 1369.
Package xcolor Info: Model `tHsb' substituted by `hsb' on input line 1370.
Package xcolor Info: Model `HSB' substituted by `hsb' on input line 1371.
Package xcolor Info: Model `Gray' substituted by `gray' on input line 1372.
Package xcolor Info: Model `wave' substituted by `hsb' on input line 1373.
)
(/usr/share/texlive/texmf-dist/tex/latex/base/fontenc.sty
Package: fontenc 2021/04/29 v2.0v Standard LaTeX package
)
(/usr/share/texlive/texmf-dist/tex/latex/base/inputenc.sty
Package: inputenc 2021/02/14 v1.3d Input encoding file
\inpenc@prehook=\toks20
\inpenc@posthook=\toks21
)
(/usr/share/texlive/texmf-dist/tex/latex/float/float.sty
Package: float 2001/11/08 v1.3d Float enhancements (AL)
\c@float@type=\count272
\float@exts=\toks22
\float@box=\box53
\@float@everytoks=\toks23
\@floatcapt=\box54
)
(/usr/share/texlive/texmf-dist/tex/latex/listings/lstlang1.sty
File: lstlang1.sty 2023/02/27 1.9 listings language file
)
(/usr/share/texlive/texmf-dist/tex/latex/listings/lstmisc.sty
File: lstmisc.sty 2023/02/27 1.9 (Carsten Heinz)
)
(/usr/share/texlive/texmf-dist/tex/latex/l3backend/l3backend-pdftex.def
File: l3backend-pdftex.def 2024-01-04 L3 backend support: PDF output (pdfTeX)
\l__color_backend_stack_int=\count273
\l__pdf_internal_box=\box55
)
No file final_report.aux.
\openout1 = `final_report.aux'.

LaTeX Font Info:    Checking defaults for OML/cmm/m/it on input line 24.
LaTeX Font Info:    ... okay on input line 24.
LaTeX Font Info:    Checking defaults for OMS/cmsy/m/n on input line 24.
LaTeX Font Info:    ... okay on input line 24.
LaTeX Font Info:    Checking defaults for OT1/cmr/m/n on input line 24.
LaTeX Font Info:    ... okay on input line 24.
LaTeX Font Info:    Checking defaults for T1/cmr/m/n on input line 24.
LaTeX Font Info:    ... okay on input line 24.
LaTeX Font Info:    Checking defaults for TS1/cmr/m/n on input line 24.
LaTeX Font Info:    ... okay on input line 24.
LaTeX Font Info:    Checking defaults for OMX/cmex/m/n on input line 24.
LaTeX Font Info:    ... okay on input line 24.
LaTeX Font Info:    Checking defaults for U/cmr/m/n on input line 24.
LaTeX Font Info:    ... okay on input line 24.
*geometry* driver: auto-detecting
*geometry* detected driver: pdftex
*geometry* verbose mode - [ preamble ] result:
* driver: pdftex
* paper: <default>
* layout: <same size as paper>
* layoutoffset:(h,v)=(0.0pt,0.0pt)
* modes: 
* h-part:(L,W,R)=(72.26999pt, 469.75502pt, 72.26999pt)
* v-part:(T,H,B)=(72.26999pt, 650.43001pt, 72.26999pt)
* \paperwidth=614.295pt
* \paperheight=794.96999pt
* \textwidth=469.75502pt
* \textheight=650.43001pt
* \oddsidemargin=0.0pt
* \evensidemargin=0.0pt
* \topmargin=-37.0pt
* \headheight=12.0pt
* \headsep=25.0pt
* \topskip=10.0pt
* \footskip=30.0pt
* \marginparwidth=65.0pt
* \marginparsep=11.0pt
* \columnsep=10.0pt
* \skip\footins=9.0pt plus 4.0pt minus 2.0pt
* \hoffset=0.0pt
* \voffset=0.0pt
* \mag=1000
* \@twocolumnfalse
* \@twosidefalse
* \@mparswitchfalse
* \@reversemarginfalse
* (1in=72.27pt=25.4mm, 1cm=28.453pt)

(/usr/share/texlive/texmf-dist/tex/context/base/mkii/supp-pdf.mkii
[Loading MPS to PDF converter (version 2006.09.02).]
\scratchcounter=\count274
\scratchdimen=\dimen155
\scratchbox=\box56
\nofMPsegments=\count275
\nofMParguments=\count276
\everyMPshowfont=\toks24
\MPscratchCnt=\count277
\MPscratchDim=\dimen156
\MPnumerator=\count278
\makeMPintoPDFobject=\count279
\everyMPtoPDFconversion=\toks25
) (/usr/share/texlive/texmf-dist/tex/latex/epstopdf-pkg/epstopdf-base.sty
Package: epstopdf-base 2020-01-24 v2.11 Base part for package epstopdf
Package epstopdf-base Info: Redefining graphics rule for `.eps' on input line 4
85.

(/usr/share/texlive/texmf-dist/tex/latex/latexconfig/epstopdf-sys.cfg
File: epstopdf-sys.cfg 2010/07/13 v1.3 Configuration of (r)epstopdf for TeX Liv
e
))
\c@lstlisting=\count280
LaTeX Font Info:    External font `cmex10' loaded for size
(Font)              <12> on input line 25.
LaTeX Font Info:    External font `cmex10' loaded for size
(Font)              <8> on input line 25.
LaTeX Font Info:    External font `cmex10' loaded for size
(Font)              <6> on input line 25.
LaTeX Font Info:    Trying to load font information for T1+cmtt on input line 3
1.

(/usr/share/texlive/texmf-dist/tex/latex/base/t1cmtt.fd
File: t1cmtt.fd 2023/04/13 v2.5m Standard LaTeX font definitions
) (./hello_world.c)
[1

{/var/lib/texmf/fonts/map/pdftex/updmap/pdftex.map}]
<exercise1_screenshot.png, id=11, 1025.8325pt x 71.26625pt>
File: exercise1_screenshot.png Graphic file (type png)
<use exercise1_screenshot.png>
Package pdftex.def Info: exercise1_screenshot.png  used on input line 41.
(pdftex.def)             Requested size: 469.75502pt x 32.63496pt.
 (./spacex.c) [2 <./exercise1_screenshot.png>]
<exercise2_screenshot.png, id=19, 962.59625pt x 84.315pt>
File: exercise2_screenshot.png Graphic file (type png)
<use exercise2_screenshot.png>
Package pdftex.def Info: exercise2_screenshot.png  used on input line 56.
(pdftex.def)             Requested size: 469.75502pt x 41.14616pt.
 (./love.c)
<exercise3_screenshot.png, id=20, 1018.80624pt x 49.18375pt>
File: exercise3_screenshot.png Graphic file (type png)
<use exercise3_screenshot.png>
Package pdftex.def Info: exercise3_screenshot.png  used on input line 71.
(pdftex.def)             Requested size: 469.75502pt x 22.67807pt.
 [3 <./exercise2_screenshot.png>] (./floopy.c
[4 <./exercise3_screenshot.png>])
<exercise4_screenshot.png, id=29, 997.7275pt x 90.3375pt>
File: exercise4_screenshot.png Graphic file (type png)
<use exercise4_screenshot.png>
Package pdftex.def Info: exercise4_screenshot.png  used on input line 86.
(pdftex.def)             Requested size: 469.75502pt x 42.53305pt.
 (./baking.c [5 <./exercise4_screenshot.png>]
[6] [7])
<exercise5_screenshot.png, id=41, 948.54375pt x 242.9075pt>
File: exercise5_screenshot.png Graphic file (type png)
<use exercise5_screenshot.png>
Package pdftex.def Info: exercise5_screenshot.png  used on input line 101.
(pdftex.def)             Requested size: 469.75502pt x 120.29703pt.
 (./priority_transfer.c [8 <./exercise5_screenshot.png>])
<exercise6_screenshot.png, id=47, 1093.08376pt x 89.33376pt>
File: exercise6_screenshot.png Graphic file (type png)
<use exercise6_screenshot.png>
Package pdftex.def Info: exercise6_screenshot.png  used on input line 116.
(pdftex.def)             Requested size: 469.75502pt x 38.39095pt.
 [9]
(./barrier.c [10 <./exercise6_screenshot.png>])
<exercise7_screenshot.png, id=55, 940.51375pt x 145.54375pt>
File: exercise7_screenshot.png Graphic file (type png)
<use exercise7_screenshot.png>
Package pdftex.def Info: exercise7_screenshot.png  used on input line 131.
(pdftex.def)             Requested size: 469.75502pt x 72.69395pt.
 (./readers_writers.c [11 <./exercise7_screenshot.png>])
<exercise8_screenshot.png, id=60, 1160.335pt x 106.3975pt>
File: exercise8_screenshot.png Graphic file (type png)
<use exercise8_screenshot.png>
Package pdftex.def Info: exercise8_screenshot.png  used on input line 146.
(pdftex.def)             Requested size: 469.75502pt x 43.07451pt.
 [12 <./exercise8_screenshot.png>] (./thread_pool.c
[13])
<exercise9_screenshot.png, id=69, 1036.87375pt x 177.66376pt>
File: exercise9_screenshot.png Graphic file (type png)
<use exercise9_screenshot.png>
Package pdftex.def Info: exercise9_screenshot.png  used on input line 161.
(pdftex.def)             Requested size: 469.75502pt x 80.49013pt.
 [14] [15 <./exercise9_screenshot.png>] (./final_report.aux)
 ***********
LaTeX2e <2023-11-01> patch level 1
L3 programming layer <2024-01-22>
 ***********
 ) 
Here is how much of TeX's memory you used:
 4783 strings out of 476182
 69844 string characters out of 5795595
 2229975 words of memory out of 5000000
 26741 multiletter control sequences out of 15000+600000
 567145 words of font info for 55 fonts, out of 8000000 for 9000
 14 hyphenation exceptions out of 8191
 57i,6n,65p,388b,1650s stack positions out of 10000i,1000n,20000p,200000b,200000s
 </home/codespace/.texlive2023/texmf-var/fonts/pk/ljfour/jknappen/ec/tcrm1000
.600pk> </home/codespace/.texlive2023/texmf-var/fonts/pk/ljfour/jknappen/ec/ect
t1000.600pk> </home/codespace/.texlive2023/texmf-var/fonts/pk/ljfour/jknappen/e
c/ecbx1000.600pk> </home/codespace/.texlive2023/texmf-var/fonts/pk/ljfour/jknap
pen/ec/ectt0900.600pk> </home/codespace/.texlive2023/texmf-var/fonts/pk/ljfour/
jknappen/ec/ecrm1000.600pk> </home/codespace/.texlive2023/texmf-var/fonts/pk/lj
four/jknappen/ec/ecbx1440.600pk> </home/codespace/.texlive2023/texmf-var/fonts/
pk/ljfour/jknappen/ec/ecrm1200.600pk> </home/codespace/.texlive2023/texmf-var/f
onts/pk/ljfour/jknappen/ec/ecrm1728.600pk>
Output written on final_report.pdf (15 pages, 418569 bytes).
PDF statistics:
 358 PDF objects out of 1000 (max. 8388607)
 68 compressed objects within 1 object stream
 0 named destinations out of 1000 (max. 500000)
 46 words of extra memory for PDF output out of 10000 (max. 10000000)

